error: cannot derive `H5Type` for empty structs
 --> tests/compile-fail/pd-empty-struct.rs:8:8
  |
8 | struct Foo<T> {
  |        ^^^
