error: cannot derive `H5Type` for unit structs
 --> $DIR/unit-struct.rs:7:8
  |
7 | struct Foo;
  |        ^^^
